// Jest Snapshot v1, https://goo.gl/fbAQLP

exports[`rendering outputs correct tree 1`] = `
<ServicePageResponseLayout
  bodyContent={<withRouter(ServicePageProjectSwitcher) />}
  imageSrc="test-file-stub"
  paragraph1={
    <FormattedMessage
      defaultMessage="The Project you are looking for either does not exists or you are not authorized to view it. Select another Project to view."
      id="ProjectNotFound.paragraph1"
      values={Object {}}
    />
  }
  paragraph2={
    <FormattedMessage
      defaultMessage="Please contact your system administrator if you have any further questions."
      id="ProjectNotFound.paragraph2"
      values={Object {}}
    />
  }
  title={
    <FormattedMessage
      defaultMessage="We could not find this Project"
      id="ProjectNotFound.title"
      values={Object {}}
    />
  }
/>
`;
