// Jest Snapshot v1, https://goo.gl/fbAQLP

exports[`ConfigurationProvider rendering should match snapshot 1`] = `
<[object Object]
  value={
    Object {
      "a": Object {
        "config": "value",
      },
    }
  }
>
  <div />
</[object Object]>
`;
