// Jest Snapshot v1, https://goo.gl/fbAQLP

exports[`with valid target should set headers matching snapshot 1`] = `
Object {
  "headers": Object {
    "X-Correlation-Id": "mc/project-1/foo-uuid",
    "X-Graphql-Target": "mc",
    "X-Project-Key": "project-1",
  },
}
`;
