// Jest Snapshot v1, https://goo.gl/fbAQLP

exports[`rendering should match snapshot 1`] = `
<div
  className="password-requirements expanded"
>
  <Child
    key=".0"
    shouldShowUnfulfilledAsError={true}
  />
</div>
`;
