// Jest Snapshot v1, https://goo.gl/fbAQLP

exports[`rendering should match snapshot 1`] = `
<div
  className="password-hints-list expanded"
>
  <Child
    checkUnfulfilled={true}
    key=".0"
  />
</div>
`;
